[BUG]: out of license

## Command Line
D:\python\Scripts\pyarmor gen -O _hardened --obf-code 1 --mix-str --private activation.py seal_secret.py

## Environments
Python 3.12.0
Pyarmor 9.2.7 (trial), 000000, non-profits
Platform windows.x86_64
Native windows.amd64
Home C:\Users\Meteor\.pyarmor

## Traceback
Traceback (most recent call last):
  File "D:\python\Lib\site-packages\pyarmor\cli\__main__.py", line 804, in main
    main_entry(sys.argv[1:])
  File "D:\python\Lib\site-packages\pyarmor\cli\__main__.py", line 789, in main_entry
    return args.func(ctx, args)
           ^^^^^^^^^^^^^^^^^^^^
  File "D:\python\Lib\site-packages\pyarmor\cli\__main__.py", line 248, in cmd_gen
    builder.process(options)
  File "D:\python\Lib\site-packages\pyarmor\cli\generate.py", line 190, in process
    async_obfuscate_scripts(self, n) if n else self._obfuscate_scripts()
                                               ^^^^^^^^^^^^^^^^^^^^^^^^^
  File "D:\python\Lib\site-packages\pyarmor\cli\generate.py", line 145, in _obfuscate_scripts
    code = Pytransform3.generate_obfuscated_script(self.ctx, r)
           ^^^^^^^^^^^^^^^^^^^^^^^^^^^^^^^^^^^^^^^^^^^^^^^^^^^^
  File "D:\python\Lib\site-packages\pyarmor\cli\core\__init__.py", line 95, in generate_obfuscated_script
    return m.generate_obfuscated_script(ctx, res)
           ^^^^^^^^^^^^^^^^^^^^^^^^^^^^^^^^^^^^^^
  File "<maker>", line 728, in generate_obfuscated_script
  File "D:\python\Lib\site-packages\pyarmor\cli\__init__.py", line 16, in process
    return meth(self, res, *args, **kwargs)
           ^^^^^^^^^^^^^^^^^^^^^^^^^^^^^^^^
  File "<maker>", line 544, in process
  File "D:\python\Lib\site-packages\pyarmor\cli\__init__.py", line 16, in process
    return meth(self, res, *args, **kwargs)
           ^^^^^^^^^^^^^^^^^^^^^^^^^^^^^^^^
  File "<maker>", line 1125, in process
  File "<maker>", line 1082, in mix_node
RuntimeError: out of license


